
Allocating common symbols
Common symbol       size              file

imagenRGB           0x60              ./main.o
imagenBinaria       0x20              ./main.o
unosPorFila         0x10              ./main.o
imagenBorde         0x20              ./main.o
imagenGris          0x20              ./main.o

Memory Configuration

Name             Origin             Length             Attributes
*default*        0x00000000         0xffffffff

Linker script and memory map

LOAD ./init.o
LOAD ./main.o
LOAD ./misc.o
LOAD ./trafo.o
START GROUP
LOAD c:/eclipsearm/sourcery-g++-lite-arm-2011.03/bin/../lib/gcc/arm-none-eabi/4.5.2\libgcc.a
LOAD c:/eclipsearm/sourcery-g++-lite-arm-2011.03/bin/../lib/gcc/arm-none-eabi/4.5.2/../../../../arm-none-eabi/lib\libc.a
END GROUP
                0x0c000000                . = 0xc000000

.data           0x0c000000        0x0
 *(.data)
 .data          0x0c000000        0x0 ./init.o
 .data          0x0c000000        0x0 ./main.o
 .data          0x0c000000        0x0 ./misc.o
 .data          0x0c000000        0x0 ./trafo.o
 *(.rodata)

.bss            0x0c000000       0xd0
 *(.bss)
 .bss           0x0c000000        0x0 ./init.o
 .bss           0x0c000000        0x0 ./main.o
 .bss           0x0c000000        0x0 ./misc.o
 .bss           0x0c000000        0x0 ./trafo.o
 *(COMMON)
 COMMON         0x0c000000       0xd0 ./main.o
                0x0c000000                imagenRGB
                0x0c000060                imagenBinaria
                0x0c000080                unosPorFila
                0x0c000090                imagenBorde
                0x0c0000b0                imagenGris

.text           0x0c0000d0      0x628
 *(.text)
 .text          0x0c0000d0       0x14 ./init.o
                0x0c0000d0                start
 .text          0x0c0000e4      0x244 ./main.o
                0x0c0000e4                initRGB
                0x0c000288                main
 .text          0x0c000328      0x10c ./misc.o
                0x0c000328                contarUnos
                0x0c000378                rgb2gray
                0x0c0003e0                verdadero
 .text          0x0c000434      0x2c4 ./trafo.o
                0x0c000434                RGB2GrayMatrix
                0x0c000508                Gray2BinaryMatrix
                0x0c000600                Binary2BordeMatrix
                0x0c0006f8                PROVIDE (end, .)
                0x0c7ff000                PROVIDE (_stack, 0xc7ff000)
OUTPUT(practica1.elf elf32-littlearm)

.glue_7         0x0c0006f8        0x0
 .glue_7        0x00000000        0x0 linker stubs

.glue_7t        0x0c0006f8        0x0
 .glue_7t       0x00000000        0x0 linker stubs

.vfp11_veneer   0x0c0006f8        0x0
 .vfp11_veneer  0x00000000        0x0 linker stubs

.v4_bx          0x0c0006f8        0x0
 .v4_bx         0x00000000        0x0 linker stubs

.ARM.attributes
                0x00000000       0x2e
 .ARM.attributes
                0x00000000       0x22 ./init.o
 .ARM.attributes
                0x00000022       0x32 ./main.o
 .ARM.attributes
                0x00000054       0x22 ./misc.o
 .ARM.attributes
                0x00000076       0x32 ./trafo.o

.comment        0x00000000       0x2a
 .comment       0x00000000       0x2a ./main.o
                                 0x2b (size before relaxing)
 .comment       0x00000000       0x2b ./trafo.o

.debug_line     0x00000000      0x45b
 .debug_line    0x00000000       0x3a ./init.o
 .debug_line    0x0000003a      0x301 ./main.o
 .debug_line    0x0000033b       0x75 ./misc.o
 .debug_line    0x000003b0       0xab ./trafo.o

.debug_info     0x00000000      0x45e
 .debug_info    0x00000000       0x50 ./init.o
 .debug_info    0x00000050      0x1f6 ./main.o
 .debug_info    0x00000246       0x50 ./misc.o
 .debug_info    0x00000296      0x1c8 ./trafo.o

.debug_abbrev   0x00000000      0x1bf
 .debug_abbrev  0x00000000       0x14 ./init.o
 .debug_abbrev  0x00000014       0xed ./main.o
 .debug_abbrev  0x00000101       0x14 ./misc.o
 .debug_abbrev  0x00000115       0xaa ./trafo.o

.debug_aranges  0x00000000       0x80
 .debug_aranges
                0x00000000       0x20 ./init.o
 .debug_aranges
                0x00000020       0x20 ./main.o
 .debug_aranges
                0x00000040       0x20 ./misc.o
 .debug_aranges
                0x00000060       0x20 ./trafo.o

.debug_macinfo  0x00000000     0x6ca4
 .debug_macinfo
                0x00000000     0x4b88 ./main.o
 .debug_macinfo
                0x00004b88     0x211c ./trafo.o

.debug_loc      0x00000000       0xdc
 .debug_loc     0x00000000       0x58 ./main.o
 .debug_loc     0x00000058       0x84 ./trafo.o

.debug_pubnames
                0x00000000       0xc8
 .debug_pubnames
                0x00000000       0x76 ./main.o
 .debug_pubnames
                0x00000076       0x52 ./trafo.o

.debug_pubtypes
                0x00000000       0x60
 .debug_pubtypes
                0x00000000       0x30 ./main.o
 .debug_pubtypes
                0x00000030       0x30 ./trafo.o

.debug_str      0x00000000      0x13e
 .debug_str     0x00000000       0xee ./main.o
                                0x127 (size before relaxing)
 .debug_str     0x000000ee       0x50 ./trafo.o
                                 0xaa (size before relaxing)

.debug_frame    0x00000000       0xc4
 .debug_frame   0x00000000       0x50 ./main.o
 .debug_frame   0x00000050       0x74 ./trafo.o
