Archive member included because of file (symbol)

c:/software/electronica/arm/eclipsearm/sourcery-g++-lite-arm-2011.03/bin/../lib/gcc/arm-none-eabi/4.5.2\libgcc.a(_divsi3.o)
                              ./44blib.o (__aeabi_idiv)
c:/software/electronica/arm/eclipsearm/sourcery-g++-lite-arm-2011.03/bin/../lib/gcc/arm-none-eabi/4.5.2\libgcc.a(_dvmd_tls.o)
                              c:/software/electronica/arm/eclipsearm/sourcery-g++-lite-arm-2011.03/bin/../lib/gcc/arm-none-eabi/4.5.2\libgcc.a(_divsi3.o) (__aeabi_idiv0)

Allocating common symbols
Common symbol       size              file

fileSize            0x4               ./44blib.o
buff                0x8               ./keyboard.o
i                   0x4               ./timer.o
bufferDisplay       0x8               ./timer.o
key                 0x1               ./keyboard.o
modo                0x4               ./timer.o
downPt              0x4               ./44blib.o

Memory Configuration

Name             Origin             Length             Attributes
*default*        0x00000000         0xffffffff

Linker script and memory map

LOAD ./44binit.o
LOAD ./44blib.o
LOAD ./8seg.o
LOAD ./cola.o
LOAD ./game.o
LOAD ./keyboard.o
LOAD ./main.o
LOAD ./timer.o
START GROUP
LOAD c:/software/electronica/arm/eclipsearm/sourcery-g++-lite-arm-2011.03/bin/../lib/gcc/arm-none-eabi/4.5.2\libgcc.a
LOAD c:/software/electronica/arm/eclipsearm/sourcery-g++-lite-arm-2011.03/bin/../lib/gcc/arm-none-eabi/4.5.2/../../../../arm-none-eabi/lib\libc.a
END GROUP
                0x0c000000                . = 0xc000000
                0x0c000000                Image_RO_Base = .

.text           0x0c000000     0x15b4
 *(.text)
 .text          0x0c000000      0x710 ./44binit.o
 .text          0x0c000710      0x46c ./44blib.o
                0x0c000710                Delay
                0x0c000848                DelayMs
                0x0c0008ac                Port_Init
                0x0c000a3c                malloc
                0x0c000adc                free
                0x0c000b0c                sys_init
 .text          0x0c000b7c       0x78 ./8seg.o
                0x0c000b7c                D8Led_init
                0x0c000ba0                D8Led_symbol
 .text          0x0c000bf4      0x118 ./cola.o
                0x0c000bf4                inserta
                0x0c000c70                asigna
                0x0c000cb0                muestra
 .text          0x0c000d0c      0x148 ./game.o
                0x0c000d0c                game
                0x0c000de0                bucleLectura
 .text          0x0c000e54      0x3d0 ./keyboard.o
                0x0c000e54                init_keyboard
                0x0c000f14                key_ISR
                0x0c000f9c                key_read
 .text          0x0c001224       0x44 ./main.o
                0x0c001224                main
 .text          0x0c001268      0x200 ./timer.o
                0x0c001268                init_timer
                0x0c001348                timer0_ISR
 .text          0x0c001468      0x148 c:/software/electronica/arm/eclipsearm/sourcery-g++-lite-arm-2011.03/bin/../lib/gcc/arm-none-eabi/4.5.2\libgcc.a(_divsi3.o)
                0x0c001468                __divsi3
                0x0c001468                __aeabi_idiv
                0x0c001590                __aeabi_idivmod
 .text          0x0c0015b0        0x4 c:/software/electronica/arm/eclipsearm/sourcery-g++-lite-arm-2011.03/bin/../lib/gcc/arm-none-eabi/4.5.2\libgcc.a(_dvmd_tls.o)
                0x0c0015b0                __aeabi_idiv0
                0x0c0015b0                __aeabi_ldiv0
                0x0c0015b4                Image_RO_Limit = .
                0x0c0015b4                Image_RW_Base = .

.glue_7         0x0c0015b4        0x0
 .glue_7        0x00000000        0x0 linker stubs

.glue_7t        0x0c0015b4        0x0
 .glue_7t       0x00000000        0x0 linker stubs

.vfp11_veneer   0x0c0015b4        0x0
 .vfp11_veneer  0x00000000        0x0 linker stubs

.v4_bx          0x0c0015b4        0x0
 .v4_bx         0x00000000        0x0 linker stubs

.data           0x0c0015b4       0x5c
 *(.data)
 .data          0x0c0015b4        0x6 ./44binit.o
                0x0c0015b4                BDRAMTYPE
 *fill*         0x0c0015ba        0x2 00
 .data          0x0c0015bc        0xc ./44blib.o
                0x0c0015bc                mallocPt
                0x0c0015c0                run
 .data          0x0c0015c8       0x40 ./8seg.o
                0x0c0015c8                Symbol
 .data          0x0c001608        0x0 ./cola.o
 .data          0x0c001608        0x0 ./game.o
 .data          0x0c001608        0x4 ./keyboard.o
                0x0c001608                keyboard_base
 .data          0x0c00160c        0x4 ./main.o
                0x0c00160c                symbol
 .data          0x0c001610        0x0 ./timer.o
 .data          0x0c001610        0x0 c:/software/electronica/arm/eclipsearm/sourcery-g++-lite-arm-2011.03/bin/../lib/gcc/arm-none-eabi/4.5.2\libgcc.a(_divsi3.o)
 .data          0x0c001610        0x0 c:/software/electronica/arm/eclipsearm/sourcery-g++-lite-arm-2011.03/bin/../lib/gcc/arm-none-eabi/4.5.2\libgcc.a(_dvmd_tls.o)

.rodata
 *(.rodata)
                0x0c001610                Image_RW_Limit = .
                0x0c001610                Image_ZI_Base = .

.bss            0x0c001610       0x28
 *(.bss)
 .bss           0x0c001610        0x0 ./44binit.o
 .bss           0x0c001610        0x4 ./44blib.o
                0x0c001610                restart
 .bss           0x0c001614        0x0 ./8seg.o
 .bss           0x0c001614        0x0 ./cola.o
 .bss           0x0c001614        0x0 ./game.o
 .bss           0x0c001614        0x0 ./keyboard.o
 .bss           0x0c001614        0x0 ./main.o
 .bss           0x0c001614        0x0 ./timer.o
 .bss           0x0c001614        0x0 c:/software/electronica/arm/eclipsearm/sourcery-g++-lite-arm-2011.03/bin/../lib/gcc/arm-none-eabi/4.5.2\libgcc.a(_divsi3.o)
 .bss           0x0c001614        0x0 c:/software/electronica/arm/eclipsearm/sourcery-g++-lite-arm-2011.03/bin/../lib/gcc/arm-none-eabi/4.5.2\libgcc.a(_dvmd_tls.o)
 COMMON         0x0c001614        0x8 ./44blib.o
                0x0c001614                fileSize
                0x0c001618                downPt
 COMMON         0x0c00161c        0x9 ./keyboard.o
                0x0c00161c                buff
                0x0c001624                key
 *fill*         0x0c001625        0x3 00
 COMMON         0x0c001628       0x10 ./timer.o
                0x0c001628                i
                0x0c00162c                bufferDisplay
                0x0c001634                modo
                0x0c001638                Image_ZI_Limit = .
                0x0c001638                __bss_start__ = .
                0x0c001638                __bss_end__ = .
                0x0c001638                __EH_FRAME_BEGIN__ = .
                0x0c001638                __EH_FRAME_END__ = .
                0x0c001638                PROVIDE (__stack, .)
                0x0c001638                end = .
                0x0c001638                _end = .

.ARM.attributes
                0x00000000       0x2e
 .ARM.attributes
                0x00000000       0x22 ./44binit.o
 .ARM.attributes
                0x00000022       0x32 ./44blib.o
 .ARM.attributes
                0x00000054       0x32 ./8seg.o
 .ARM.attributes
                0x00000086       0x32 ./cola.o
 .ARM.attributes
                0x000000b8       0x32 ./game.o
 .ARM.attributes
                0x000000ea       0x32 ./keyboard.o
 .ARM.attributes
                0x0000011c       0x32 ./main.o
 .ARM.attributes
                0x0000014e       0x32 ./timer.o
 .ARM.attributes
                0x00000180       0x1a c:/software/electronica/arm/eclipsearm/sourcery-g++-lite-arm-2011.03/bin/../lib/gcc/arm-none-eabi/4.5.2\libgcc.a(_divsi3.o)
 .ARM.attributes
                0x0000019a       0x18 c:/software/electronica/arm/eclipsearm/sourcery-g++-lite-arm-2011.03/bin/../lib/gcc/arm-none-eabi/4.5.2\libgcc.a(_dvmd_tls.o)

.comment        0x00000000       0x2a
 .comment       0x00000000       0x2a ./44blib.o
                                 0x2b (size before relaxing)
 .comment       0x00000000       0x2b ./8seg.o
 .comment       0x00000000       0x2b ./cola.o
 .comment       0x00000000       0x2b ./game.o
 .comment       0x00000000       0x2b ./keyboard.o
 .comment       0x00000000       0x2b ./main.o
 .comment       0x00000000       0x2b ./timer.o

.debug_info     0x00000000      0x872
 *(.debug_info)
 .debug_info    0x00000000       0x5e ./44binit.o
 .debug_info    0x0000005e      0x229 ./44blib.o
 .debug_info    0x00000287       0xa4 ./8seg.o
 .debug_info    0x0000032b      0x13b ./cola.o
 .debug_info    0x00000466      0x11d ./game.o
 .debug_info    0x00000583      0x171 ./keyboard.o
 .debug_info    0x000006f4       0x70 ./main.o
 .debug_info    0x00000764      0x10e ./timer.o

.debug_line     0x00000000      0xc55
 *(.debug_line)
 .debug_line    0x00000000      0x10d ./44binit.o
 .debug_line    0x0000010d      0x3d8 ./44blib.o
 .debug_line    0x000004e5       0x6d ./8seg.o
 .debug_line    0x00000552       0xc5 ./cola.o
 .debug_line    0x00000617       0xd8 ./game.o
 .debug_line    0x000006ef      0x3f0 ./keyboard.o
 .debug_line    0x00000adf       0xbe ./main.o
 .debug_line    0x00000b9d       0xb8 ./timer.o

.debug_abbrev   0x00000000      0x55b
 *(.debug_abbrev)
 .debug_abbrev  0x00000000       0x14 ./44binit.o
 .debug_abbrev  0x00000014      0x11f ./44blib.o
 .debug_abbrev  0x00000133       0x9b ./8seg.o
 .debug_abbrev  0x000001ce       0xa4 ./cola.o
 .debug_abbrev  0x00000272       0xb2 ./game.o
 .debug_abbrev  0x00000324       0xf7 ./keyboard.o
 .debug_abbrev  0x0000041b       0x65 ./main.o
 .debug_abbrev  0x00000480       0xdb ./timer.o

.debug_frame    0x00000000      0x30c
 *(.debug_frame)
 .debug_frame   0x00000000       0xd0 ./44blib.o
 .debug_frame   0x000000d0       0x50 ./8seg.o
 .debug_frame   0x00000120       0x70 ./cola.o
 .debug_frame   0x00000190       0x54 ./game.o
 .debug_frame   0x000001e4       0x7c ./keyboard.o
 .debug_frame   0x00000260       0x30 ./main.o
 .debug_frame   0x00000290       0x5c ./timer.o
 .debug_frame   0x000002ec       0x20 c:/software/electronica/arm/eclipsearm/sourcery-g++-lite-arm-2011.03/bin/../lib/gcc/arm-none-eabi/4.5.2\libgcc.a(_divsi3.o)
OUTPUT(Pr3a.elf elf32-littlearm)

.debug_aranges  0x00000000      0x100
 .debug_aranges
                0x00000000       0x20 ./44binit.o
 .debug_aranges
                0x00000020       0x20 ./44blib.o
 .debug_aranges
                0x00000040       0x20 ./8seg.o
 .debug_aranges
                0x00000060       0x20 ./cola.o
 .debug_aranges
                0x00000080       0x20 ./game.o
 .debug_aranges
                0x000000a0       0x20 ./keyboard.o
 .debug_aranges
                0x000000c0       0x20 ./main.o
 .debug_aranges
                0x000000e0       0x20 ./timer.o

.debug_macinfo  0x00000000    0x29f35
 .debug_macinfo
                0x00000000     0x82fb ./44blib.o
 .debug_macinfo
                0x000082fb     0x5467 ./8seg.o
 .debug_macinfo
                0x0000d762     0x524e ./cola.o
 .debug_macinfo
                0x000129b0     0x525d ./game.o
 .debug_macinfo
                0x00017c0d     0x7e51 ./keyboard.o
 .debug_macinfo
                0x0001fa5e     0x5289 ./main.o
 .debug_macinfo
                0x00024ce7     0x524e ./timer.o

.debug_loc      0x00000000      0x344
 .debug_loc     0x00000000      0x108 ./44blib.o
 .debug_loc     0x00000108       0x58 ./8seg.o
 .debug_loc     0x00000160       0x84 ./cola.o
 .debug_loc     0x000001e4       0x58 ./game.o
 .debug_loc     0x0000023c       0x84 ./keyboard.o
 .debug_loc     0x000002c0       0x2c ./main.o
 .debug_loc     0x000002ec       0x58 ./timer.o

.debug_pubnames
                0x00000000      0x205
 .debug_pubnames
                0x00000000       0x90 ./44blib.o
 .debug_pubnames
                0x00000090       0x3d ./8seg.o
 .debug_pubnames
                0x000000cd       0x35 ./cola.o
 .debug_pubnames
                0x00000102       0x2c ./game.o
 .debug_pubnames
                0x0000012e       0x60 ./keyboard.o
 .debug_pubnames
                0x0000018e       0x26 ./main.o
 .debug_pubnames
                0x000001b4       0x51 ./timer.o

.debug_pubtypes
                0x00000000       0x94
 .debug_pubtypes
                0x00000000       0x12 ./44blib.o
 .debug_pubtypes
                0x00000012       0x1c ./cola.o
 .debug_pubtypes
                0x0000002e       0x1c ./game.o
 .debug_pubtypes
                0x0000004a       0x1c ./keyboard.o
 .debug_pubtypes
                0x00000066       0x12 ./main.o
 .debug_pubtypes
                0x00000078       0x1c ./timer.o

.debug_str      0x00000000      0x236
 .debug_str     0x00000000      0x118 ./44blib.o
                                0x156 (size before relaxing)
 .debug_str     0x00000118       0x2f ./8seg.o
                                 0x6e (size before relaxing)
 .debug_str     0x00000147       0x4c ./cola.o
                                 0x96 (size before relaxing)
 .debug_str     0x00000193       0x33 ./game.o
                                 0x95 (size before relaxing)
 .debug_str     0x000001c6       0x40 ./keyboard.o
                                0x119 (size before relaxing)
 .debug_str     0x00000206        0xf ./main.o
                                 0x5b (size before relaxing)
 .debug_str     0x00000215       0x21 ./timer.o
                                 0x91 (size before relaxing)
