Archive member included because of file (symbol)

c:/eclipsearm/sourcery-g++-lite-arm-2011.03/bin/../lib/gcc/arm-none-eabi/4.5.2\libgcc.a(_divsi3.o)
                              ./44blib.o (__aeabi_idiv)
c:/eclipsearm/sourcery-g++-lite-arm-2011.03/bin/../lib/gcc/arm-none-eabi/4.5.2\libgcc.a(_dvmd_tls.o)
                              c:/eclipsearm/sourcery-g++-lite-arm-2011.03/bin/../lib/gcc/arm-none-eabi/4.5.2\libgcc.a(_divsi3.o) (__aeabi_idiv0)

Allocating common symbols
Common symbol       size              file

led_state           0x4               ./led.o
fileSize            0x4               ./44blib.o
downPt              0x4               ./44blib.o

Memory Configuration

Name             Origin             Length             Attributes
*default*        0x00000000         0xffffffff

Linker script and memory map

LOAD ./44binit.o
LOAD ./44blib.o
LOAD ./8seg.o
LOAD ./boton.o
LOAD ./led.o
LOAD ./main.o
LOAD ./timer.o
START GROUP
LOAD c:/eclipsearm/sourcery-g++-lite-arm-2011.03/bin/../lib/gcc/arm-none-eabi/4.5.2\libgcc.a
LOAD c:/eclipsearm/sourcery-g++-lite-arm-2011.03/bin/../lib/gcc/arm-none-eabi/4.5.2/../../../../arm-none-eabi/lib\libc.a
END GROUP
                0x0c000000                . = 0xc000000
                0x0c000000                Image_RO_Base = .

.text           0x0c000000     0x17e0
 *(.text)
 .text          0x0c000000      0x710 ./44binit.o
 .text          0x0c000710      0x46c ./44blib.o
                0x0c000710                Delay
                0x0c000848                DelayMs
                0x0c0008ac                Port_Init
                0x0c000a3c                malloc
                0x0c000adc                free
                0x0c000b0c                sys_init
 .text          0x0c000b7c      0x4e0 ./8seg.o
                0x0c000b7c                D8Led_init
                0x0c000ba0                D8Led_symbol
 .text          0x0c00105c      0x1fc ./boton.o
                0x0c00105c                Eint4567_init
                0x0c001138                EliminaRebotes
                0x0c001198                Eint4567_ISR
 .text          0x0c001258      0x23c ./led.o
                0x0c001258                leds_on
                0x0c001278                leds_off
                0x0c001298                led1_on
                0x0c0012d8                led1_off
                0x0c001318                led2_on
                0x0c001358                led2_off
                0x0c001398                leds_switch
                0x0c0013d8                Led_Display
 .text          0x0c001494       0x38 ./main.o
                0x0c001494                main
 .text          0x0c0014cc      0x1c8 ./timer.o
                0x0c0014cc                timer_ISR
                0x0c001598                timer_init
 .text          0x0c001694      0x148 c:/eclipsearm/sourcery-g++-lite-arm-2011.03/bin/../lib/gcc/arm-none-eabi/4.5.2\libgcc.a(_divsi3.o)
                0x0c001694                __divsi3
                0x0c001694                __aeabi_idiv
                0x0c0017bc                __aeabi_idivmod
 .text          0x0c0017dc        0x4 c:/eclipsearm/sourcery-g++-lite-arm-2011.03/bin/../lib/gcc/arm-none-eabi/4.5.2\libgcc.a(_dvmd_tls.o)
                0x0c0017dc                __aeabi_idiv0
                0x0c0017dc                __aeabi_ldiv0
                0x0c0017e0                Image_RO_Limit = .
                0x0c0017e0                Image_RW_Base = .

.glue_7         0x0c0017e0        0x0
 .glue_7        0x00000000        0x0 linker stubs

.glue_7t        0x0c0017e0        0x0
 .glue_7t       0x00000000        0x0 linker stubs

.vfp11_veneer   0x0c0017e0        0x0
 .vfp11_veneer  0x00000000        0x0 linker stubs

.v4_bx          0x0c0017e0        0x0
 .v4_bx         0x00000000        0x0 linker stubs

.data           0x0c0017e0       0x34
 *(.data)
 .data          0x0c0017e0        0x6 ./44binit.o
                0x0c0017e0                BDRAMTYPE
 *fill*         0x0c0017e6        0x2 00
 .data          0x0c0017e8        0xc ./44blib.o
                0x0c0017e8                mallocPt
                0x0c0017ec                run
 .data          0x0c0017f4       0x20 ./8seg.o
                0x0c0017f4                Symbol
 .data          0x0c001814        0x0 ./boton.o
 .data          0x0c001814        0x0 ./led.o
 .data          0x0c001814        0x0 ./main.o
 .data          0x0c001814        0x0 ./timer.o
 .data          0x0c001814        0x0 c:/eclipsearm/sourcery-g++-lite-arm-2011.03/bin/../lib/gcc/arm-none-eabi/4.5.2\libgcc.a(_divsi3.o)
 .data          0x0c001814        0x0 c:/eclipsearm/sourcery-g++-lite-arm-2011.03/bin/../lib/gcc/arm-none-eabi/4.5.2\libgcc.a(_dvmd_tls.o)

.rodata
 *(.rodata)
                0x0c001814                Image_RW_Limit = .
                0x0c001814                Image_ZI_Base = .

.bss            0x0c001814       0x20
 *(.bss)
 .bss           0x0c001814        0x0 ./44binit.o
 .bss           0x0c001814        0x4 ./44blib.o
                0x0c001814                restart
 .bss           0x0c001818        0x0 ./8seg.o
 .bss           0x0c001818        0xc ./boton.o
                0x0c001818                update
                0x0c00181c                pausa
                0x0c001820                resetsymbol
 .bss           0x0c001824        0x0 ./led.o
 .bss           0x0c001824        0x4 ./main.o
                0x0c001824                symbol
 .bss           0x0c001828        0x0 ./timer.o
 .bss           0x0c001828        0x0 c:/eclipsearm/sourcery-g++-lite-arm-2011.03/bin/../lib/gcc/arm-none-eabi/4.5.2\libgcc.a(_divsi3.o)
 .bss           0x0c001828        0x0 c:/eclipsearm/sourcery-g++-lite-arm-2011.03/bin/../lib/gcc/arm-none-eabi/4.5.2\libgcc.a(_dvmd_tls.o)
 COMMON         0x0c001828        0x8 ./44blib.o
                0x0c001828                fileSize
                0x0c00182c                downPt
 COMMON         0x0c001830        0x4 ./led.o
                0x0c001830                led_state
                0x0c001834                Image_ZI_Limit = .
                0x0c001834                __bss_start__ = .
                0x0c001834                __bss_end__ = .
                0x0c001834                __EH_FRAME_BEGIN__ = .
                0x0c001834                __EH_FRAME_END__ = .
                0x0c001834                PROVIDE (__stack, .)
                0x0c001834                end = .
                0x0c001834                _end = .

.ARM.attributes
                0x00000000       0x2e
 .ARM.attributes
                0x00000000       0x22 ./44binit.o
 .ARM.attributes
                0x00000022       0x32 ./44blib.o
 .ARM.attributes
                0x00000054       0x32 ./8seg.o
 .ARM.attributes
                0x00000086       0x32 ./boton.o
 .ARM.attributes
                0x000000b8       0x32 ./led.o
 .ARM.attributes
                0x000000ea       0x32 ./main.o
 .ARM.attributes
                0x0000011c       0x32 ./timer.o
 .ARM.attributes
                0x0000014e       0x1a c:/eclipsearm/sourcery-g++-lite-arm-2011.03/bin/../lib/gcc/arm-none-eabi/4.5.2\libgcc.a(_divsi3.o)
 .ARM.attributes
                0x00000168       0x18 c:/eclipsearm/sourcery-g++-lite-arm-2011.03/bin/../lib/gcc/arm-none-eabi/4.5.2\libgcc.a(_dvmd_tls.o)

.comment        0x00000000       0x2a
 .comment       0x00000000       0x2a ./44blib.o
                                 0x2b (size before relaxing)
 .comment       0x00000000       0x2b ./8seg.o
 .comment       0x00000000       0x2b ./boton.o
 .comment       0x00000000       0x2b ./led.o
 .comment       0x00000000       0x2b ./main.o
 .comment       0x00000000       0x2b ./timer.o

.debug_info     0x00000000      0x65d
 *(.debug_info)
 .debug_info    0x00000000       0x6a ./44binit.o
 .debug_info    0x0000006a      0x229 ./44blib.o
 .debug_info    0x00000293       0xa4 ./8seg.o
 .debug_info    0x00000337      0x110 ./boton.o
 .debug_info    0x00000447      0x104 ./led.o
 .debug_info    0x0000054b       0x69 ./main.o
 .debug_info    0x000005b4       0xa9 ./timer.o

.debug_line     0x00000000      0x76f
 *(.debug_line)
 .debug_line    0x00000000      0x10d ./44binit.o
 .debug_line    0x0000010d      0x3d8 ./44blib.o
 .debug_line    0x000004e5       0x8b ./8seg.o
 .debug_line    0x00000570       0x8c ./boton.o
 .debug_line    0x000005fc       0x84 ./led.o
 .debug_line    0x00000680       0x6e ./main.o
 .debug_line    0x000006ee       0x81 ./timer.o

.debug_abbrev   0x00000000      0x383
 *(.debug_abbrev)
 .debug_abbrev  0x00000000       0x14 ./44binit.o
 .debug_abbrev  0x00000014      0x11f ./44blib.o
 .debug_abbrev  0x00000133       0x9b ./8seg.o
 .debug_abbrev  0x000001ce       0x98 ./boton.o
 .debug_abbrev  0x00000266       0x7c ./led.o
 .debug_abbrev  0x000002e2       0x5a ./main.o
 .debug_abbrev  0x0000033c       0x47 ./timer.o

.debug_frame    0x00000000      0x358
 *(.debug_frame)
 .debug_frame   0x00000000       0xd0 ./44blib.o
 .debug_frame   0x000000d0       0x50 ./8seg.o
 .debug_frame   0x00000120       0x7c ./boton.o
 .debug_frame   0x0000019c      0x110 ./led.o
 .debug_frame   0x000002ac       0x30 ./main.o
 .debug_frame   0x000002dc       0x5c ./timer.o
 .debug_frame   0x00000338       0x20 c:/eclipsearm/sourcery-g++-lite-arm-2011.03/bin/../lib/gcc/arm-none-eabi/4.5.2\libgcc.a(_divsi3.o)
OUTPUT(practica2_parte2.elf elf32-littlearm)

.debug_aranges  0x00000000       0xe0
 .debug_aranges
                0x00000000       0x20 ./44binit.o
 .debug_aranges
                0x00000020       0x20 ./44blib.o
 .debug_aranges
                0x00000040       0x20 ./8seg.o
 .debug_aranges
                0x00000060       0x20 ./boton.o
 .debug_aranges
                0x00000080       0x20 ./led.o
 .debug_aranges
                0x000000a0       0x20 ./main.o
 .debug_aranges
                0x000000c0       0x20 ./timer.o

.debug_macinfo  0x00000000    0x21762
 .debug_macinfo
                0x00000000     0x82fb ./44blib.o
 .debug_macinfo
                0x000082fb     0x518b ./8seg.o
 .debug_macinfo
                0x0000d486     0x50f3 ./boton.o
 .debug_macinfo
                0x00012579     0x50a3 ./led.o
 .debug_macinfo
                0x0001761c     0x50a3 ./main.o
 .debug_macinfo
                0x0001c6bf     0x50a3 ./timer.o

.debug_loc      0x00000000      0x3c8
 .debug_loc     0x00000000      0x108 ./44blib.o
 .debug_loc     0x00000108       0x58 ./8seg.o
 .debug_loc     0x00000160       0x84 ./boton.o
 .debug_loc     0x000001e4      0x160 ./led.o
 .debug_loc     0x00000344       0x2c ./main.o
 .debug_loc     0x00000370       0x58 ./timer.o

.debug_pubnames
                0x00000000      0x21a
 .debug_pubnames
                0x00000000       0x90 ./44blib.o
 .debug_pubnames
                0x00000090       0x3d ./8seg.o
 .debug_pubnames
                0x000000cd       0x6d ./boton.o
 .debug_pubnames
                0x0000013a       0x8b ./led.o
 .debug_pubnames
                0x000001c5       0x26 ./main.o
 .debug_pubnames
                0x000001eb       0x2f ./timer.o

.debug_pubtypes
                0x00000000       0x12
 .debug_pubtypes
                0x00000000       0x12 ./44blib.o

.debug_str      0x00000000      0x266
 .debug_str     0x00000000      0x124 ./44blib.o
                                0x162 (size before relaxing)
 .debug_str     0x00000124       0x53 ./8seg.o
                                 0x6c (size before relaxing)
 .debug_str     0x00000177       0x58 ./boton.o
                                 0x95 (size before relaxing)
 .debug_str     0x000001cf       0x68 ./led.o
                                 0xa6 (size before relaxing)
 .debug_str     0x00000237        0xf ./main.o
                                 0x46 (size before relaxing)
 .debug_str     0x00000246       0x20 ./timer.o
                                 0x69 (size before relaxing)
